<html>
<body>
<pre>
<h1>µVision Build Log</h1>
<h2>Tool Versions:</h2>
IDE-Version: µVision V5.24.2.0
Copyright (C) 2017 ARM Ltd and ARM Germany GmbH. All rights reserved.
License Information: aa bb, cc, LIC=58574-F3HB1-PBHEG-VFBAD-EZBP0-68WNF
 
Tool Versions:
Toolchain:       MDK-ARM Plus  Version: 5.24.1
Toolchain Path:  C:\Keil\ARM\ARMCC\Bin
C Compiler:      Armcc.exe V5.06 update 5 (build 528)
Assembler:       Armasm.exe V5.06 update 5 (build 528)
Linker/Locator:  ArmLink.exe V5.06 update 5 (build 528)
Library Manager: ArmAr.exe V5.06 update 5 (build 528)
Hex Converter:   FromElf.exe V5.06 update 5 (build 528)
CPU DLL:         SARMCM3.DLL V5.24.1
Dialog DLL:      DCM.DLL V1.16.0.0
Target DLL:      STLink\ST-LINKIII-KEIL_SWO.dll V3.0.1.0
Dialog DLL:      TCM.DLL V1.32.0.0
 
<h2>Project:</h2>
F:\MoHeiba\STM32CubeExpansion_Cloud_AZURE_V1.1.0\Projects\STM32F769I-Discovery\Applications\Cloud\Azure\MDK-ARM\Project.uvprojx
Project File Date:  10/22/2018

<h2>Output:</h2>
*** Using Compiler 'V5.06 update 5 (build 528)', folder: 'C:\Keil\ARM\ARMCC\Bin'
Build target 'STM32F769I_Discovery'
compiling az_tcpsocketconnection_c_STM32Cube.c...
../Inc/main.h(102): warning:  #1295-D: Deprecated declaration vTask1_Handler - give arg types
  void vTask1_Handler();
../Inc/main.h(103): warning:  #1295-D: Deprecated declaration vTask2_Handler - give arg types
  void vTask2_Handler();
../../../../../Common/Azure/Src/az_tcpsocketconnection_c_STM32Cube.c: 2 warnings, 0 errors
compiling az_threadapi_STM32Cube.c...
../Inc/main.h(102): warning:  #1295-D: Deprecated declaration vTask1_Handler - give arg types
  void vTask1_Handler();
../Inc/main.h(103): warning:  #1295-D: Deprecated declaration vTask2_Handler - give arg types
  void vTask2_Handler();
../../../../../Common/Azure/Src/az_threadapi_STM32Cube.c: 2 warnings, 0 errors
compiling AzureXcubeSample.c...
../Inc/main.h(102): warning:  #1295-D: Deprecated declaration vTask1_Handler - give arg types
  void vTask1_Handler();
../Inc/main.h(103): warning:  #1295-D: Deprecated declaration vTask2_Handler - give arg types
  void vTask2_Handler();
../../../../../Common/Azure/Src/AzureXcubeSample.c: 2 warnings, 0 errors
compiling main.c...
../Inc/main.h(102): warning:  #1295-D: Deprecated declaration vTask1_Handler - give arg types
  void vTask1_Handler();
../Inc/main.h(103): warning:  #1295-D: Deprecated declaration vTask2_Handler - give arg types
  void vTask2_Handler();
../Src/main.c: 2 warnings, 0 errors
compiling az_tickcounter_STM32Cube.c...
../Inc/main.h(102): warning:  #1295-D: Deprecated declaration vTask1_Handler - give arg types
  void vTask1_Handler();
../Inc/main.h(103): warning:  #1295-D: Deprecated declaration vTask2_Handler - give arg types
  void vTask2_Handler();
../../../../../Common/Azure/Src/az_tickcounter_STM32Cube.c: 2 warnings, 0 errors
compiling stm32f7xx_it.c...
../Inc/main.h(102): warning:  #1295-D: Deprecated declaration vTask1_Handler - give arg types
  void vTask1_Handler();
../Inc/main.h(103): warning:  #1295-D: Deprecated declaration vTask2_Handler - give arg types
  void vTask2_Handler();
../Src/stm32f7xx_it.c: 2 warnings, 0 errors
compiling stm32f7xx_hal_msp.c...
../Inc/main.h(102): warning:  #1295-D: Deprecated declaration vTask1_Handler - give arg types
  void vTask1_Handler();
../Inc/main.h(103): warning:  #1295-D: Deprecated declaration vTask2_Handler - give arg types
  void vTask2_Handler();
../Src/stm32f7xx_hal_msp.c: 2 warnings, 0 errors
compiling net.c...
../Inc/main.h(102): warning:  #1295-D: Deprecated declaration vTask1_Handler - give arg types
  void vTask1_Handler();
../Inc/main.h(103): warning:  #1295-D: Deprecated declaration vTask2_Handler - give arg types
  void vTask2_Handler();
../../../../../Common/Shared/Src/net.c: 2 warnings, 0 errors
compiling cloud.c...
../Inc/main.h(102): warning:  #1295-D: Deprecated declaration vTask1_Handler - give arg types
  void vTask1_Handler();
../Inc/main.h(103): warning:  #1295-D: Deprecated declaration vTask2_Handler - give arg types
  void vTask2_Handler();
..\..\..\..\..\Common\Shared\Src\cloud.c: 2 warnings, 0 errors
compiling entropy_hardware_poll.c...
../Inc/main.h(102): warning:  #1295-D: Deprecated declaration vTask1_Handler - give arg types
  void vTask1_Handler();
../Inc/main.h(103): warning:  #1295-D: Deprecated declaration vTask2_Handler - give arg types
  void vTask2_Handler();
..\..\..\..\..\Common\Shared\Src\entropy_hardware_poll.c: 2 warnings, 0 errors
compiling STM32CubeRTCInterface.c...
../Inc/main.h(102): warning:  #1295-D: Deprecated declaration vTask1_Handler - give arg types
  void vTask1_Handler();
../Inc/main.h(103): warning:  #1295-D: Deprecated declaration vTask2_Handler - give arg types
  void vTask2_Handler();
../../../../../Common/Shared/Src/STM32CubeRTCInterface.c: 2 warnings, 0 errors
compiling http_util.c...
../Inc/main.h(102): warning:  #1295-D: Deprecated declaration vTask1_Handler - give arg types
  void vTask1_Handler();
../Inc/main.h(103): warning:  #1295-D: Deprecated declaration vTask2_Handler - give arg types
  void vTask2_Handler();
..\..\..\..\..\Common\Shared\Src\http_util.c: 2 warnings, 0 errors
compiling iot_flash_config.c...
../Inc/main.h(102): warning:  #1295-D: Deprecated declaration vTask1_Handler - give arg types
  void vTask1_Handler();
../Inc/main.h(103): warning:  #1295-D: Deprecated declaration vTask2_Handler - give arg types
  void vTask2_Handler();
..\..\..\..\..\Common\Shared\Src\iot_flash_config.c: 2 warnings, 0 errors
compiling lwip_net.c...
../Inc/main.h(102): warning:  #1295-D: Deprecated declaration vTask1_Handler - give arg types
  void vTask1_Handler();
../Inc/main.h(103): warning:  #1295-D: Deprecated declaration vTask2_Handler - give arg types
  void vTask2_Handler();
..\..\..\..\..\Common\Shared\Src\lwip_net.c: 2 warnings, 0 errors
compiling timedate.c...
../Inc/main.h(102): warning:  #1295-D: Deprecated declaration vTask1_Handler - give arg types
  void vTask1_Handler();
../Inc/main.h(103): warning:  #1295-D: Deprecated declaration vTask2_Handler - give arg types
  void vTask2_Handler();
..\..\..\..\..\Common\Shared\Src\timedate.c: 2 warnings, 0 errors
compiling net_tls_mbedtls.c...
../Inc/main.h(102): warning:  #1295-D: Deprecated declaration vTask1_Handler - give arg types
  void vTask1_Handler();
../Inc/main.h(103): warning:  #1295-D: Deprecated declaration vTask2_Handler - give arg types
  void vTask2_Handler();
..\..\..\..\..\Common\Shared\Src\net_tls_mbedtls.c: 2 warnings, 0 errors
compiling net_tcp_lwip.c...
../Inc/main.h(102): warning:  #1295-D: Deprecated declaration vTask1_Handler - give arg types
  void vTask1_Handler();
../Inc/main.h(103): warning:  #1295-D: Deprecated declaration vTask2_Handler - give arg types
  void vTask2_Handler();
..\..\..\..\..\Common\Shared\Src\net_tcp_lwip.c: 2 warnings, 0 errors
linking...
Program Size: Code=306004 RO-data=59388 RW-data=1560 ZI-data=308040  
FromELF: creating hex file...
"STM32F769I_Discovery\STM32F769I_Discovery.axf" - 0 Error(s), 34 Warning(s).

<h2>Software Packages used:</h2>

Package Vendor: ARM
                http://www.keil.com/pack/ARM.CMSIS.5.4.0.pack
                ARM.CMSIS.5.4.0
                CMSIS (Cortex Microcontroller Software Interface Standard)
   * Component: CORE Version: 5.1.2

Package Vendor: Keil
                http://www.keil.com/pack/Keil.STM32F7xx_DFP.2.9.0.pack
                Keil.STM32F7xx_DFP.2.9.0
                STMicroelectronics STM32F7 Series Device Support, Drivers and Examples

<h2>Collection of Component include folders:</h2>
  .\RTE\_STM32F769I_Discovery
  C:\Keil\ARM\PACK\ARM\CMSIS\5.4.0\CMSIS\Core\Include
  C:\Keil\ARM\PACK\Keil\STM32F7xx_DFP\2.9.0\Drivers\CMSIS\Device\ST\STM32F7xx\Include

<h2>Collection of Component Files used:</h2>

   * Component: ARM::CMSIS:CORE:5.1.2
Build Time Elapsed:  00:01:25
</pre>
</body>
</html>
